// Jest Snapshot v1, https://goo.gl/fbAQLP

exports[`Admin should match snapshot 1`] = `
<div>
  <div
    class="adminContainer"
  >
    <input
      data-testid="search"
      id="search"
      placeholder="Search by name, email or role"
      type="text"
    />
    <div
      style="height: 15px;"
    />
    <div
      class="table-responsive-sm"
    >
      <table
        class="table"
      >
        <thead>
          <tr>
            <th>
              <input
                checked=""
                data-testid="selectAll"
                type="checkbox"
              />
            </th>
            <th
              scope="col"
            >
              Name
            </th>
            <th
              scope="col"
            >
              Email
            </th>
            <th
              scope="col"
            >
              Role
            </th>
            <th
              scope="col"
            >
              Actions
            </th>
          </tr>
        </thead>
        <tbody />
      </table>
    </div>
    <div
      class="footerActions"
    >
      <div
        class="footer"
      >
        <button
          class="deleteSelected"
          data-testid="deleteSelected"
        >
          Delete Selected
        </button>
      </div>
      <div>
        <div
          class="pagination"
          data-testid="leading"
        >
          <div
            class="actionBtn"
          >
            <img
              alt="cant display"
              height="10px"
              src="leading-arrow.png"
              width="10px"
            />
          </div>
          <div
            class="actionBtn disableClick"
            data-testid="previous"
          >
            <img
              alt="cant display"
              height="10px"
              src="left-arrow.png"
              width="10px"
            />
          </div>
          <div
            class="contentOverflow"
          />
          <div
            class="actionBtn disableClick"
            data-testid="next"
          >
            <img
              alt="cant display"
              height="10px"
              src="right-arrow.png"
              width="10px"
            />
          </div>
          <div
            class="actionBtn"
            data-testid="trailing"
          >
            <img
              alt="cant display"
              height="10px"
              src="trailing-arrow.png"
              width="10px"
            />
          </div>
        </div>
      </div>
    </div>
  </div>
</div>
`;
