// Jest Snapshot v1, https://goo.gl/fbAQLP

exports[`AdminList should display only one row when filter is given as name 1`] = `
<div>
  <div
    class="table-responsive-sm"
  >
    <table
      class="table"
    >
      <thead>
        <tr>
          <th>
            <input
              data-testid="selectAll"
              type="checkbox"
            />
          </th>
          <th
            scope="col"
          >
            Name
          </th>
          <th
            scope="col"
          >
            Email
          </th>
          <th
            scope="col"
          >
            Role
          </th>
          <th
            scope="col"
          >
            Actions
          </th>
        </tr>
      </thead>
      <tbody>
        <tr
          class=""
          data-testid="tr"
        >
          <td>
            <input
              data-testid="selectRow"
              type="checkbox"
            />
          </td>
          <td>
            xyz
          </td>
          <td>
            an@g.c
          </td>
          <td>
            member
          </td>
          <td>
            <div
              class="actionItems"
            >
              <img
                alt="cant display"
                class="actionIcons"
                data-testid="editRow"
                src="editing.png"
              />
              <img
                alt="cant display"
                class="actionIcons"
                data-testid="deleteRow"
                src="delete.png"
              />
            </div>
          </td>
        </tr>
      </tbody>
    </table>
  </div>
</div>
`;

exports[`AdminList should match snapshot 1`] = `
<div>
  <div
    class="table-responsive-sm"
  >
    <table
      class="table"
    >
      <thead>
        <tr>
          <th>
            <input
              data-testid="selectAll"
              type="checkbox"
            />
          </th>
          <th
            scope="col"
          >
            Name
          </th>
          <th
            scope="col"
          >
            Email
          </th>
          <th
            scope="col"
          >
            Role
          </th>
          <th
            scope="col"
          >
            Actions
          </th>
        </tr>
      </thead>
      <tbody>
        <tr
          class=""
          data-testid="tr"
        >
          <td>
            <input
              data-testid="selectRow"
              type="checkbox"
            />
          </td>
          <td>
            xyz
          </td>
          <td>
            an@g.c
          </td>
          <td>
            member
          </td>
          <td>
            <div
              class="actionItems"
            >
              <img
                alt="cant display"
                class="actionIcons"
                data-testid="editRow"
                src="editing.png"
              />
              <img
                alt="cant display"
                class="actionIcons"
                data-testid="deleteRow"
                src="delete.png"
              />
            </div>
          </td>
        </tr>
        <tr
          class=""
          data-testid="tr"
        >
          <td>
            <input
              data-testid="selectRow"
              type="checkbox"
            />
          </td>
          <td>
            pqr
          </td>
          <td>
            an@g.c
          </td>
          <td>
            member
          </td>
          <td>
            <div
              class="actionItems"
            >
              <img
                alt="cant display"
                class="actionIcons"
                data-testid="editRow"
                src="editing.png"
              />
              <img
                alt="cant display"
                class="actionIcons"
                data-testid="deleteRow"
                src="delete.png"
              />
            </div>
          </td>
        </tr>
      </tbody>
    </table>
  </div>
</div>
`;
